../Core/Src/ota_application.c:51:15:ota_start	3952	static
../Core/Src/ota_application.c:134:6:ota_handle_incoming_mqtt_message	1096	static
../Core/Src/ota_application.c:203:13:job_metadata_handler_chain	40	static
../Core/Src/ota_application.c:246:13:process_job_file	1784	static
../Core/Src/ota_application.c:294:13:job_handler_chain	56	static
../Core/Src/ota_application.c:354:13:request_data_block	288	static
../Core/Src/ota_application.c:392:13:handle_mqtt_streams_block_arrived	24	static
../Core/Src/ota_application.c:419:13:jump_to_application	24	static,ignoring_inline_asm
../Core/Src/ota_application.c:452:6:run_application	8	static
../Core/Src/ota_application.c:459:13:copy_firmware_to_second_sector	40	static
../Core/Src/ota_application.c:488:13:finish_download	2104	static
